python : EE
At line:1 char:1
+ python -m unittest 
discover tests/ > 
test_output.txt 2>&1
+ ~~~~~~~~~~~~~~~~~~~~
~~~~~~~~~~~~~~~~~~~~~~
~~~~~~~~~~~~~~~
    + CategoryInfo    
          : NotSpeci  
  fied: (EE:String)   
  [], RemoteExcept    
ion
    + FullyQualifiedE 
   rrorId : NativeCo  
  mmandError
 
======================
======================
======================
====
ERROR: test_agents (un
ittest.loader._FailedT
est.test_agents)
----------------------
----------------------
----------------------
----
ImportError: Failed 
to import test 
module: test_agents
Traceback (most 
recent call last):
  File "C:\Users\harik
\AppData\Local\Program
s\Python\Python312\Lib
\unittest\loader.py", 
line 394, in 
_find_test_path
    module = self._get
_module_from_name(name
)
             ^^^^^^^^^
^^^^^^^^^^^^^^^^^^^^^^
^
  File "C:\Users\harik
\AppData\Local\Program
s\Python\Python312\Lib
\unittest\loader.py", 
line 337, in 
_get_module_from_name
    __import__(name)
  File "D:\Autonomous-
Multi-Step-AI-Agent\te
sts\test_agents.py", 
line 2, in <module>
    from models 
import Task
  File "D:\Autonomous-
Multi-Step-AI-Agent\mo
dels.py", line 1, in 
<module>
    from pydantic 
import BaseModel, 
Field
ModuleNotFoundError: 
No module named 
'pydantic'


======================
======================
======================
====
ERROR: 
test_orchestrator (uni
ttest.loader._FailedTe
st.test_orchestrator)
----------------------
----------------------
----------------------
----
ImportError: Failed 
to import test 
module: 
test_orchestrator
Traceback (most 
recent call last):
  File "C:\Users\harik
\AppData\Local\Program
s\Python\Python312\Lib
\unittest\loader.py", 
line 394, in 
_find_test_path
    module = self._get
_module_from_name(name
)
             ^^^^^^^^^
^^^^^^^^^^^^^^^^^^^^^^
^
  File "C:\Users\harik
\AppData\Local\Program
s\Python\Python312\Lib
\unittest\loader.py", 
line 337, in 
_get_module_from_name
    __import__(name)
  File "D:\Autonomous-
Multi-Step-AI-Agent\te
sts\test_orchestrator.
py", line 2, in 
<module>
    from models 
import Task
  File "D:\Autonomous-
Multi-Step-AI-Agent\mo
dels.py", line 1, in 
<module>
    from pydantic 
import BaseModel, 
Field
ModuleNotFoundError: 
No module named 
'pydantic'


----------------------
----------------------
----------------------
----
Ran 2 tests in 0.001s

FAILED (errors=2)
